// Jest Snapshot v1, https://goo.gl/fbAQLP

exports[`Cards snapshot test 1`] = `
<DocumentFragment>
  <div
    class="pet-cards-container"
  >
    <article
      class="card"
    >
      <div
        class="card-header"
      >
        <img
          alt="beautiful cat"
          class="card-img"
          src="https://images.unsplash.com/photo-1529778873920-4da4926a72c2?ixlib=rb-1.2.1&ixid=MnwxMjA3fDB8MHxzZWFyY2h8MTJ8fGNhdHxlbnwwfHwwfHw%3D&auto=format&fit=crop&w=800&q=60"
        />
        <button
          class="heart"
        >
          <img
            alt="outlined heart"
            src="heartOutlined.svg"
          />
        </button>
      </div>
      <div
        class="card-content"
      >
        <h3>
          One
        </h3>
        <p>
          333-333-3333
        </p>
        <p>
          laith@hotmail.com
        </p>
        <p>
          female
        </p>
      </div>
    </article>
    <article
      class="card"
    >
      <div
        class="card-header"
      >
        <img
          alt="beautiful cat"
          class="card-img"
          src="https://images.unsplash.com/photo-1536590158209-e9d615d525e4?ixlib=rb-1.2.1&ixid=MnwxMjA3fDB8MHxzZWFyY2h8MTl8fGNhdHxlbnwwfHwwfHw%3D&auto=format&fit=crop&w=800&q=60"
        />
        <button
          class="heart"
        >
          <img
            alt="outlined heart"
            src="heartOutlined.svg"
          />
        </button>
      </div>
      <div
        class="card-content"
      >
        <h3>
          Two
        </h3>
        <p>
          333-333-3333
        </p>
        <p>
          laith@hotmail.com
        </p>
        <p>
          male
        </p>
      </div>
    </article>
    <article
      class="card"
    >
      <div
        class="card-header"
      >
        <img
          alt="beautiful cat"
          class="card-img"
          src="https://images.unsplash.com/photo-1606214174585-fe31582dc6ee?ixlib=rb-1.2.1&ixid=MnwxMjA3fDB8MHxzZWFyY2h8MjB8fGNhdHxlbnwwfHwwfHw%3D&auto=format&fit=crop&w=800&q=60"
        />
        <button
          class="heart"
        >
          <img
            alt="outlined heart"
            src="heartOutlined.svg"
          />
        </button>
      </div>
      <div
        class="card-content"
      >
        <h3>
          Three
        </h3>
        <p>
          333-333-3333
        </p>
        <p>
          laith@hotmail.com
        </p>
        <p>
          female
        </p>
      </div>
    </article>
    <article
      class="card"
    >
      <div
        class="card-header"
      >
        <img
          alt="beautiful cat"
          class="card-img"
          src="https://images.unsplash.com/photo-1592194996308-7b43878e84a6?ixlib=rb-1.2.1&ixid=MnwxMjA3fDB8MHxzZWFyY2h8OXx8Y2F0fGVufDB8fDB8fA%3D%3D&auto=format&fit=crop&w=800&q=60"
        />
        <button
          class="heart"
        >
          <img
            alt="outlined heart"
            src="heartOutlined.svg"
          />
        </button>
      </div>
      <div
        class="card-content"
      >
        <h3>
          Four
        </h3>
        <p>
          333-333-3333
        </p>
        <p>
          laith@hotmail.com
        </p>
        <p>
          male
        </p>
      </div>
    </article>
    <article
      class="card"
    >
      <div
        class="card-header"
      >
        <img
          alt="beautiful cat"
          class="card-img"
          src="https://images.unsplash.com/photo-1561948955-570b270e7c36?ixlib=rb-1.2.1&ixid=MnwxMjA3fDB8MHxzZWFyY2h8NXx8Y2F0fGVufDB8fDB8fA%3D%3D&auto=format&fit=crop&w=800&q=60"
        />
        <button
          class="heart"
        >
          <img
            alt="outlined heart"
            src="heartOutlined.svg"
          />
        </button>
      </div>
      <div
        class="card-content"
      >
        <h3>
          Five
        </h3>
        <p>
          333-333-3333
        </p>
        <p>
          laith@hotmail.com
        </p>
        <p>
          female
        </p>
      </div>
    </article>
  </div>
</DocumentFragment>
`;
